// Jest Snapshot v1, https://goo.gl/fbAQLP

exports[`module Normalizer normalizeKIF same at first fork 1`] = `{"header":{},"moves":[{},{"move":{"from":{"x":7,"y":7},"piece":"FU","to":{"x":7,"y":6},"color":0}},{"move":{"from":{"x":3,"y":3},"piece":"FU","to":{"x":3,"y":4},"color":1}},{"move":{"from":{"x":2,"y":7},"piece":"FU","to":{"x":2,"y":6},"color":0},"forks":[[{"move":{"from":{"x":8,"y":8},"piece":"KA","promote":true,"to":{"x":2,"y":2},"color":0,"capture":"KA"}},{"move":{"from":{"x":3,"y":1},"piece":"GI","same":true,"color":1,"to":{"x":2,"y":2},"capture":"UM"},"forks":[[{"move":{"from":{"x":8,"y":2},"piece":"HI","same":true,"color":1,"to":{"x":2,"y":2},"capture":"UM"}},{"special":"JISHOGI"}]]},{"special":"CHUDAN"}]]},{"special":"TORYO"}]}`;
